
> frontend@0.1.0 dev /app/frontend
> next dev

   ▲ Next.js 16.0.8 (Turbopack)
   - Local:         http://localhost:3000
   - Network:       http://192.168.0.2:3000
   - Environments: .env.local

 ✓ Starting...
Attention: Next.js now collects completely anonymous telemetry regarding usage.
This information is used to shape Next.js' roadmap and prioritize features.
You can learn more, including how to opt-out if you'd not like to participate in this anonymous program, by visiting the following URL:
https://nextjs.org/telemetry

 ⚠ The "middleware" file convention is deprecated. Please use "proxy" instead. Learn more: https://nextjs.org/docs/messages/middleware-to-proxy
 ✓ Ready in 1529ms
 ○ Compiling /prep/nsat/mock-tests ...
 GET /prep/nsat/mock-tests 200 in 5.0s (compile: 4.1s, proxy.ts: 99ms, render: 755ms)
[DB] MongoDB connected successfully
[Get Saved Error] MissingSchemaError: Schema hasn't been registered for model "College".
Use mongoose.model(name, schema)
    at new Promise (<anonymous>)
    at async GET (app/api/saved/route.ts:22:22)
  20 |         }
  21 |
> 22 |         const user = await User.findById(userId)
     |                      ^
  23 |             .populate('saved_colleges')
  24 |             .populate('saved_international_colleges')
  25 |             .populate('saved_newgen_colleges');
 GET /api/saved 500 in 4.3s (compile: 1212ms, proxy.ts: 10ms, render: 3.0s)
 GET /api/auth/me 200 in 5.4s (compile: 1111ms, proxy.ts: 11ms, render: 4.3s)
[Get Saved Error] MissingSchemaError: Schema hasn't been registered for model "College".
Use mongoose.model(name, schema)
    at new Promise (<anonymous>)
    at async GET (app/api/saved/route.ts:22:22)
  20 |         }
  21 |
> 22 |         const user = await User.findById(userId)
     |                      ^
  23 |             .populate('saved_colleges')
  24 |             .populate('saved_international_colleges')
  25 |             .populate('saved_newgen_colleges');
 GET /api/saved 500 in 479ms (compile: 6ms, proxy.ts: 6ms, render: 467ms)
(node:12591) [DEP0060] DeprecationWarning: The `util._extend` API is deprecated. Please use Object.assign() instead.
(Use `node --trace-deprecation ...` to show where the warning was created)
Failed to proxy http://localhost:5001/api/mock-tests?examType=nsat AggregateError:
    at ignore-listed frames {
  code: 'ECONNREFUSED'
}
AggregateError:
    at ignore-listed frames {
  code: 'ECONNREFUSED'
}
Failed to proxy http://localhost:5001/api/mock-tests?examType=coding-nsat AggregateError:
    at ignore-listed frames {
  code: 'ECONNREFUSED'
}
AggregateError:
    at ignore-listed frames {
  code: 'ECONNREFUSED'
}
 GET /api/free-pack 200 in 885ms (compile: 389ms, proxy.ts: 11ms, render: 484ms)
Failed to proxy http://localhost:5001/api/mock-tests?examType=nsat AggregateError:
    at ignore-listed frames {
  code: 'ECONNREFUSED'
}
AggregateError:
    at ignore-listed frames {
  code: 'ECONNREFUSED'
}
Failed to proxy http://localhost:5001/api/mock-tests?examType=coding-nsat AggregateError:
    at ignore-listed frames {
  code: 'ECONNREFUSED'
}
AggregateError:
    at ignore-listed frames {
  code: 'ECONNREFUSED'
}
[Get Saved Error] MissingSchemaError: Schema hasn't been registered for model "College".
Use mongoose.model(name, schema)
    at new Promise (<anonymous>)
    at async GET (app/api/saved/route.ts:22:22)
  20 |         }
  21 |
> 22 |         const user = await User.findById(userId)
     |                      ^
  23 |             .populate('saved_colleges')
  24 |             .populate('saved_international_colleges')
  25 |             .populate('saved_newgen_colleges');
 GET /api/saved 500 in 370ms (compile: 4ms, proxy.ts: 4ms, render: 363ms)
Failed to proxy http://localhost:5001/api/mock-tests?examType=nsat AggregateError:
    at ignore-listed frames {
  code: 'ECONNREFUSED'
}
AggregateError:
    at ignore-listed frames {
  code: 'ECONNREFUSED'
}
Failed to proxy http://localhost:5001/api/mock-tests?examType=coding-nsat AggregateError:
    at ignore-listed frames {
  code: 'ECONNREFUSED'
}
AggregateError:
    at ignore-listed frames {
  code: 'ECONNREFUSED'
}
[Get Saved Error] MissingSchemaError: Schema hasn't been registered for model "College".
Use mongoose.model(name, schema)
    at new Promise (<anonymous>)
    at async GET (app/api/saved/route.ts:22:22)
  20 |         }
  21 |
> 22 |         const user = await User.findById(userId)
     |                      ^
  23 |             .populate('saved_colleges')
  24 |             .populate('saved_international_colleges')
  25 |             .populate('saved_newgen_colleges');
 GET /api/saved 500 in 359ms (compile: 3ms, proxy.ts: 3ms, render: 353ms)
Failed to proxy http://localhost:5001/api/mock-tests?examType=nsat AggregateError:
    at ignore-listed frames {
  code: 'ECONNREFUSED'
}
AggregateError:
    at ignore-listed frames {
  code: 'ECONNREFUSED'
}
Failed to proxy http://localhost:5001/api/mock-tests?examType=coding-nsat AggregateError:
    at ignore-listed frames {
  code: 'ECONNREFUSED'
}
AggregateError:
    at ignore-listed frames {
  code: 'ECONNREFUSED'
}
 ⚠ Found a change in next.config.ts. Restarting the server to apply the changes...
   ▲ Next.js 16.0.8 (Turbopack)
   - Local:         http://localhost:3000
   - Network:       http://192.168.0.2:3000
   - Environments: .env.local

 ✓ Starting...
 ⚠ The "middleware" file convention is deprecated. Please use "proxy" instead. Learn more: https://nextjs.org/docs/messages/middleware-to-proxy
 ✓ Ready in 1398ms
 ELIFECYCLE  Command failed.
[?25h
